nohup: ignoring input
AVEN — Autonomous Vulnerability & Exploit Notification Engine
Scheduler started. Running every 6 hours.
First run starting now...

/home/cpt-ferna02/AVEN/scheduler/runner.py:36: DeprecationWarning: datetime.datetime.utcnow() is deprecated and scheduled for removal in a future version. Use timezone-aware objects to represent datetimes in UTC: datetime.datetime.now(datetime.UTC).
  start_time = datetime.utcnow()

============================================================
AVEN Run Started: 2026-06-09 08:05 UTC
============================================================

Fetching CVEs from NVD...
[NVD] Total CVEs available: 1588
[NVD] Fetched 100 / 1588
[NVD] Fetched 200 / 1588
[NVD] Fetched 300 / 1588
[NVD] Fetched 400 / 1588
[NVD] Fetched 500 / 1588
[NVD] Fetched 600 / 1588
[NVD] Fetched 700 / 1588
[NVD] Fetched 800 / 1588
[NVD] Fetched 900 / 1588
[NVD] Fetched 1000 / 1588
[NVD] Fetched 1100 / 1588
[NVD] Fetched 1200 / 1588
[NVD] Fetched 1300 / 1588
[NVD] Fetched 1400 / 1588
[NVD] Fetched 1500 / 1588
[NVD] Fetched 1588 / 1588
[NVD] Saved 1588 CVEs to database
Fetching CISA KEV list...
[KEV] Found 1614 KEV entries
[KEV] Saved 1614 KEV entries to database
Hunting PoCs on GitHub...
